2021-12-28 03:06:04,495 INFO     count: 1
2021-12-28 03:06:04,496 INFO     number is 2
